<html>
<body>
<pre>
<h1>µVision Build Log</h1>
<h2>Tool Versions:</h2>
IDE-Version: µVision V5.21.1.0
Copyright (C) 2016 ARM Ltd and ARM Germany GmbH. All rights reserved.
License Information: Raul Martin, ORBIS TECNOLOGIA ELECTRICA S.A., LIC=ZB4Y8-35ATQ-43QM6-DNRDV-8AHNP-W3DZ8
 
Tool Versions:
Toolchain:       MDK-ARM Plus  Version: 5.21a
Toolchain Path:  C:\Keil_v5\ARM\ARMCC\Bin
C Compiler:      Armcc.exe V5.06 update 3 (build 300)
Assembler:       Armasm.exe V5.06 update 3 (build 300)
Linker/Locator:  ArmLink.exe V5.06 update 3 (build 300)
Library Manager: ArmAr.exe V5.06 update 3 (build 300)
Hex Converter:   FromElf.exe V5.06 update 3 (build 300)
CPU DLL:         SARMCM3.DLL V5.21a
Dialog DLL:      DARMSTM.DLL V1.66.0.1
Target DLL:      Segger\JL2CM3.dll V2.99.23.0
Dialog DLL:      TARMSTM.DLL V1.65.0.0
 
<h2>Project:</h2>
C:\Users\raulm\workspace\mbed\BluePill_mbedOS\BluePill_mbedOS.uvprojx
Project File Date:  06/22/2017

<h2>Output:</h2>
*** Using Compiler 'V5.06 update 3 (build 300)', folder: 'C:\Keil_v5\ARM\ARMCC\Bin'
Build target 'BluePill_mbedOS'
compiling test_TrunkController.cpp...
src\test\test_TrunkController.cpp(38): warning:  #177-D: function "onCommandReceived" was declared but never referenced
  static void onCommandReceived(int n){
src\test\test_TrunkController.cpp: 1 warning, 0 errors
linking...
Program Size: Code=37312 RO-data=1592 RW-data=256 ZI-data=6448  
".\build\uvision5\BluePill_mbedOS.axf" - 0 Error(s), 1 Warning(s).

<h2>Collection of Component include folders:</h2>
  C:\Users\raulm\workspace\mbed\BluePill_mbedOS\RTE
  C:\Keil_v5\ARM\PACK\Keil\STM32F1xx_DFP\2.1.0\Device\Include

<h2>Collection of Component Files used:</h2>
Build Time Elapsed:  00:00:04
</pre>
</body>
</html>
