<html>
<body>
<pre>
<h1>µVision Build Log</h1>
<h2>Tool Versions:</h2>
IDE-Version: µVision V5.21.1.0
Copyright (C) 2016 ARM Ltd and ARM Germany GmbH. All rights reserved.
License Information: Raul Martin, ORBIS TECNOLOGIA ELECTRICA S.A., LIC=ZB4Y8-35ATQ-43QM6-DNRDV-8AHNP-W3DZ8
 
Tool Versions:
Toolchain:       MDK-ARM Plus  Version: 5.21a
Toolchain Path:  C:\Keil_v5\ARM\ARMCC\Bin
C Compiler:      Armcc.exe V5.06 update 3 (build 300)
Assembler:       Armasm.exe V5.06 update 3 (build 300)
Linker/Locator:  ArmLink.exe V5.06 update 3 (build 300)
Library Manager: ArmAr.exe V5.06 update 3 (build 300)
Hex Converter:   FromElf.exe V5.06 update 3 (build 300)
CPU DLL:         SARMCM3.DLL V5.21a
Dialog DLL:      DARMSTM.DLL V1.66.0.1
Target DLL:      Segger\JL2CM3.dll V2.99.23.0
Dialog DLL:      TARMSTM.DLL V1.65.0.0
 
<h2>Project:</h2>
C:\Users\raulm\workspace\mbed\BluePill_mbedOS\BluePill_mbedOS.uvprojx
Project File Date:  11/24/2016

<h2>Output:</h2>
*** Using Compiler 'V5.06 update 3 (build 300)', folder: 'C:\Keil_v5\ARM\ARMCC\Bin'
Build target 'BluePill_mbedOS_F103C8'
compiling rt_Mailbox.c...
compiling HAL_CM.c...
compiling rt_Event.c...
compiling rt_List.c...
compiling rt_OsEventObserver.c...
compiling rt_MemBox.c...
compiling rt_Memory.c...
compiling rt_Mutex.c...
compiling rt_Robin.c...
compiling rt_Semaphore.c...
compiling rt_Task.c...
compiling rt_CMSIS.c...
compiling rt_Timer.c...
compiling rt_Time.c...
compiling rt_System.c...
compiling PeripheralPins.c...
compiling trng_api.c...
compiling RTX_Conf_CM.c...
compiling stm_spi_api.c...
compiling gpio_api.c...
compiling can_api.c...
compiling analogin_api.c...
compiling PeripheralPins.c...
compiling main.cpp...
compiling SerialMon.cpp...
compiling pwmout_api.c...
mbed-os/targets/TARGET_STM/TARGET_STM32F1/pwmout_api.c(79): warning:  #177-D: variable "complementary_channel" was declared but never referenced
      int complementary_channel = 0;
mbed-os/targets/TARGET_STM/TARGET_STM32F1/pwmout_api.c: 1 warning, 0 errors
compiling mbed_overrides.c...
compiling i2c_api.c...
compiling rtc_api.c...
compiling gpio_irq_api.c...
compiling pinmap.c...
compiling port_api.c...
assembling SVC_Table.S...
compiling HAL_CM3.c...
assembling startup_stm32f103xb.S...
compiling sys.cpp...
compiling sleep.c...
compiling spi_api.c...
compiling hal_tick.c...
compiling serial_api.c...
compiling cmsis_nvic.c...
compiling us_ticker.c...
compiling stm32f1xx_hal.c...
compiling stm32f1xx_hal_adc.c...
compiling stm32f1xx_hal_adc_ex.c...
compiling stm32f1xx_hal_can.c...
compiling stm32f1xx_hal_dac_ex.c...
compiling stm32f1xx_hal_dma.c...
compiling stm32f1xx_hal_crc.c...
compiling stm32f1xx_hal_dac.c...
compiling stm32f1xx_hal_cortex.c...
compiling stm32f1xx_hal_cec.c...
compiling stm32f1xx_hal_eth.c...
compiling stm32f1xx_hal_flash.c...
compiling stm32f1xx_hal_gpio.c...
compiling stm32f1xx_hal_i2s.c...
compiling stm32f1xx_hal_hcd.c...
compiling stm32f1xx_hal_gpio_ex.c...
compiling stm32f1xx_hal_irda.c...
compiling stm32f1xx_hal_flash_ex.c...
compiling stm32f1xx_hal_i2c.c...
compiling stm32f1xx_hal_iwdg.c...
compiling stm32f1xx_hal_pcd_ex.c...
compiling stm32f1xx_hal_nor.c...
compiling stm32f1xx_hal_pccard.c...
compiling stm32f1xx_hal_nand.c...
compiling stm32f1xx_hal_pwr.c...
compiling stm32f1xx_hal_pcd.c...
compiling stm32f1xx_hal_rcc.c...
compiling stm32f1xx_hal_rtc.c...
compiling stm32f1xx_hal_spi_ex.c...
compiling stm32f1xx_hal_spi.c...
compiling stm32f1xx_hal_sd.c...
compiling stm32f1xx_hal_rcc_ex.c...
compiling stm32f1xx_hal_smartcard.c...
compiling stm32f1xx_hal_rtc_ex.c...
compiling stm32f1xx_hal_sram.c...
compiling stm32f1xx_hal_tim_ex.c...
compiling stm32f1xx_hal_usart.c...
compiling stm32f1xx_hal_uart.c...
compiling stm32f1xx_ll_fsmc.c...
compiling stm32f1xx_hal_wwdg.c...
compiling stm32f1xx_ll_sdmmc.c...
compiling stm32f1xx_hal_tim.c...
compiling AnalogIn.cpp...
compiling BusOut.cpp...
compiling system_stm32f1xx.c...
compiling stm32f1xx_ll_usb.c...
compiling BusIn.cpp...
compiling BusInOut.cpp...
compiling CAN.cpp...
compiling I2CSlave.cpp...
compiling Ethernet.cpp...
compiling FileSystemLike.cpp...
compiling FilePath.cpp...
compiling FileBase.cpp...
compiling FileLike.cpp...
compiling I2C.cpp...
compiling InterruptIn.cpp...
compiling LocalFileSystem.cpp...
compiling InterruptManager.cpp...
compiling Serial.cpp...
compiling SPI.cpp...
compiling RawSerial.cpp...
compiling SerialBase.cpp...
compiling equeue.c...
compiling Ticker.cpp...
compiling equeue_posix.c...
compiling Timer.cpp...
compiling SPISlave.cpp...
compiling TimerEvent.cpp...
compiling Stream.cpp...
compiling Timeout.cpp...
compiling equeue_mbed.cpp...
compiling NetworkInterface.cpp...
compiling mbed_gpio.c...
compiling nsapi_dns.cpp...
compiling EventQueue.cpp...
compiling mbed_lp_ticker_api.c...
compiling mbed_us_ticker_api.c...
compiling mbed_pinmap_common.c...
compiling mbed_ticker_api.c...
compiling NetworkStack.cpp...
compiling WiFiAccessPoint.cpp...
compiling mbed_alloc_wrappers.cpp...
compiling mbed_assert.c...
compiling TCPSocket.cpp...
compiling UDPSocket.cpp...
compiling CallChain.cpp...
compiling SocketAddress.cpp...
compiling TCPServer.cpp...
compiling Socket.cpp...
compiling mbed_mem_trace.c...
compiling mbed_wait_api_no_rtos.c...
compiling mbed_board.c...
compiling mbed_error.c...
compiling mbed_interface.c...
compiling mbed_critical.c...
compiling Mutex.cpp...
compiling rtos_idle.c...
compiling mbed_rtc_time.cpp...
compiling mbed_semihost_api.c...
compiling Semaphore.cpp...
compiling retarget.cpp...
compiling mbed_wait_api_rtos.cpp...
compiling RtosTimer.cpp...
compiling unity.c...
compiling greentea_serial.cpp...
compiling utest_case.cpp...
compiling unity_handler.cpp...
compiling greentea_metrics.cpp...
compiling Thread.cpp...
compiling utest_default_handlers.cpp...
compiling test_env.cpp...
compiling utest_stack_trace.cpp...
compiling aesni.c...
compiling arc4.c...
compiling asn1parse.c...
compiling aes.c...
compiling asn1write.c...
compiling base64.c...
compiling blowfish.c...
compiling camellia.c...
compiling certs.c...
compiling bignum.c...
compiling ccm.c...
compiling cipher.c...
compiling cmac.c...
compiling utest_shim.cpp...
compiling cipher_wrap.c...
compiling ctr_drbg.c...
compiling utest_types.cpp...
compiling utest_harness.cpp...
compiling utest_greentea_handlers.cpp...
compiling debug.c...
compiling ecdh.c...
compiling ecjpake.c...
compiling des.c...
compiling dhm.c...
compiling ecdsa.c...
compiling entropy.c...
compiling entropy_poll.c...
compiling havege.c...
compiling mbed_trng.c...
compiling error.c...
compiling hmac_drbg.c...
compiling gcm.c...
compiling md2.c...
compiling md.c...
compiling md4.c...
compiling ecp.c...
compiling ecp_curves.c...
compiling md5.c...
compiling memory_buffer_alloc.c...
compiling net_sockets.c...
compiling md_wrap.c...
compiling oid.c...
compiling padlock.c...
compiling pem.c...
compiling pkcs5.c...
compiling pk.c...
compiling pkcs12.c...
compiling pkcs11.c...
compiling pk_wrap.c...
compiling sha1.c...
compiling platform.c...
compiling pkparse.c...
compiling ripemd160.c...
compiling pkwrite.c...
compiling sha256.c...
compiling rsa.c...
compiling ssl_ciphersuites.c...
compiling ssl_cache.c...
compiling ssl_cli.c...
compiling ssl_cookie.c...
compiling ssl_srv.c...
compiling ssl_ticket.c...
compiling sha512.c...
compiling threading.c...
compiling ssl_tls.c...
compiling version.c...
compiling timing.c...
compiling version_features.c...
compiling x509_create.c...
compiling x509.c...
compiling xtea.c...
compiling x509_csr.c...
compiling x509write_csr.c...
compiling x509write_crt.c...
compiling x509_crl.c...
compiling x509_crt.c...
compiling mbed-utest-shim.cpp...
linking...
Program Size: Code=31120 RO-data=1388 RW-data=208 ZI-data=6000  
FromELF: creating hex file...
".\build\uvision5_F103C8\BluePill_mbedOS_F103C8.axf" - 0 Error(s), 1 Warning(s).

<h2>Collection of Component include folders:</h2>
  C:\Users\raulm\workspace\mbed\BluePill_mbedOS\RTE
  C:\Keil_v5\ARM\PACK\Keil\STM32F1xx_DFP\2.1.0\Device\Include

<h2>Collection of Component Files used:</h2>
Build Time Elapsed:  00:01:01
</pre>
</body>
</html>
